[inst #1] auipc x8,64528
Register Write to Reg: 0x08 Val: 0x10010000
[inst #2] sll x0,x0,x0
Register Write to Reg: 0x00 Val: 0x00000000
[inst #3] sll x0,x0,x0
Register Write to Reg: 0x00 Val: 0x00000000
[inst #4] sll x0,x0,x0
Register Write to Reg: 0x00 Val: 0x00000000
[inst #5] addi x8,x8,0
Register Write to Reg: 0x08 Val: 0x10010000
[inst #6] auipc x21,64528
Register Write to Reg: 0x15 Val: 0x10010014
[inst #7] sll x0,x0,x0
Register Write to Reg: 0x00 Val: 0x00000000
[inst #8] sll x0,x0,x0
Register Write to Reg: 0x00 Val: 0x00000000
[inst #9] sll x0,x0,x0
Register Write to Reg: 0x00 Val: 0x00000000
[inst #10] addi x21,x21,56
Register Write to Reg: 0x15 Val: 0x1001004C
[inst #11] addi x0,x0,0
Register Write to Reg: 0x00 Val: 0x00000000
[inst #12] addi x0,x0,0
Register Write to Reg: 0x00 Val: 0x00000000
[inst #13] addi x0,x0,0
Register Write to Reg: 0x00 Val: 0x00000000
[inst #14] lw x21,0(x21)
Register Write to Reg: 0x15 Val: 0x00000013
[inst #15] addi x18,x0,1
Register Write to Reg: 0x12 Val: 0x00000001
[inst #16] addi x0,x0,0
Register Write to Reg: 0x00 Val: 0x00000000
[inst #17] addi x0,x0,0
Register Write to Reg: 0x00 Val: 0x00000000
[inst #18] addi x0,x0,0
Register Write to Reg: 0x00 Val: 0x00000000
[inst #19] sw x18,0(x8)
Memory Write to Addr: 0x10010000 Val: 0x00000001
[inst #20] sw x18,4(x8)
Memory Write to Addr: 0x10010004 Val: 0x00000001
[inst #21] addi x9,x21,-2
Register Write to Reg: 0x09 Val: 0x00000011
[inst #22] lw x19,0(x8)
Register Write to Reg: 0x13 Val: 0x00000001
[inst #23] addi x0,x0,0
Register Write to Reg: 0x00 Val: 0x00000000
[inst #24] addi x0,x0,0
Register Write to Reg: 0x00 Val: 0x00000000
[inst #25] addi x0,x0,0
Register Write to Reg: 0x00 Val: 0x00000000
[inst #26] lw x20,4(x8)
Register Write to Reg: 0x14 Val: 0x00000001
[inst #27] addi x0,x0,0
Register Write to Reg: 0x00 Val: 0x00000000
[inst #28] addi x0,x0,0
Register Write to Reg: 0x00 Val: 0x00000000
[inst #29] addi x0,x0,0
Register Write to Reg: 0x00 Val: 0x00000000
[inst #30] add x18,x19,x20
Register Write to Reg: 0x12 Val: 0x00000002
[inst #31] addi x0,x0,0
Register Write to Reg: 0x00 Val: 0x00000000
[inst #32] addi x0,x0,0
Register Write to Reg: 0x00 Val: 0x00000000
[inst #33] addi x0,x0,0
Register Write to Reg: 0x00 Val: 0x00000000
[inst #34] sw x18,8(x8)
Memory Write to Addr: 0x10010008 Val: 0x00000002
[inst #35] addi x8,x8,4
Register Write to Reg: 0x08 Val: 0x10010004
[inst #36] addi x9,x9,-1
Register Write to Reg: 0x09 Val: 0x00000010
[inst #37] addi x0,x0,0
Register Write to Reg: 0x00 Val: 0x00000000
[inst #38] addi x0,x0,0
Register Write to Reg: 0x00 Val: 0x00000000
[inst #39] addi x0,x0,0
Register Write to Reg: 0x00 Val: 0x00000000
[inst #40] bne x9,x0,-72
[inst #41] lw x19,0(x8)
Register Write to Reg: 0x13 Val: 0x00000001
[inst #42] addi x0,x0,0
Register Write to Reg: 0x00 Val: 0x00000000
[inst #43] addi x0,x0,0
Register Write to Reg: 0x00 Val: 0x00000000
[inst #44] addi x0,x0,0
Register Write to Reg: 0x00 Val: 0x00000000
[inst #45] lw x20,4(x8)
Register Write to Reg: 0x14 Val: 0x00000002
[inst #46] addi x0,x0,0
Register Write to Reg: 0x00 Val: 0x00000000
[inst #47] addi x0,x0,0
Register Write to Reg: 0x00 Val: 0x00000000
[inst #48] addi x0,x0,0
Register Write to Reg: 0x00 Val: 0x00000000
[inst #49] add x18,x19,x20
Register Write to Reg: 0x12 Val: 0x00000003
[inst #50] addi x0,x0,0
Register Write to Reg: 0x00 Val: 0x00000000
[inst #51] addi x0,x0,0
Register Write to Reg: 0x00 Val: 0x00000000
[inst #52] addi x0,x0,0
Register Write to Reg: 0x00 Val: 0x00000000
[inst #53] sw x18,8(x8)
Memory Write to Addr: 0x1001000C Val: 0x00000003
[inst #54] addi x8,x8,4
Register Write to Reg: 0x08 Val: 0x10010008
[inst #55] addi x9,x9,-1
Register Write to Reg: 0x09 Val: 0x0000000F
[inst #56] addi x0,x0,0
Register Write to Reg: 0x00 Val: 0x00000000
[inst #57] addi x0,x0,0
Register Write to Reg: 0x00 Val: 0x00000000
[inst #58] addi x0,x0,0
Register Write to Reg: 0x00 Val: 0x00000000
[inst #59] bne x9,x0,-72
[inst #60] lw x19,0(x8)
Register Write to Reg: 0x13 Val: 0x00000002
[inst #61] addi x0,x0,0
Register Write to Reg: 0x00 Val: 0x00000000
[inst #62] addi x0,x0,0
Register Write to Reg: 0x00 Val: 0x00000000
[inst #63] addi x0,x0,0
Register Write to Reg: 0x00 Val: 0x00000000
[inst #64] lw x20,4(x8)
Register Write to Reg: 0x14 Val: 0x00000003
[inst #65] addi x0,x0,0
Register Write to Reg: 0x00 Val: 0x00000000
[inst #66] addi x0,x0,0
Register Write to Reg: 0x00 Val: 0x00000000
[inst #67] addi x0,x0,0
Register Write to Reg: 0x00 Val: 0x00000000
[inst #68] add x18,x19,x20
Register Write to Reg: 0x12 Val: 0x00000005
[inst #69] addi x0,x0,0
Register Write to Reg: 0x00 Val: 0x00000000
[inst #70] addi x0,x0,0
Register Write to Reg: 0x00 Val: 0x00000000
[inst #71] addi x0,x0,0
Register Write to Reg: 0x00 Val: 0x00000000
[inst #72] sw x18,8(x8)
Memory Write to Addr: 0x10010010 Val: 0x00000005
[inst #73] addi x8,x8,4
Register Write to Reg: 0x08 Val: 0x1001000C
[inst #74] addi x9,x9,-1
Register Write to Reg: 0x09 Val: 0x0000000E
[inst #75] addi x0,x0,0
Register Write to Reg: 0x00 Val: 0x00000000
[inst #76] addi x0,x0,0
Register Write to Reg: 0x00 Val: 0x00000000
[inst #77] addi x0,x0,0
Register Write to Reg: 0x00 Val: 0x00000000
[inst #78] bne x9,x0,-72
[inst #79] lw x19,0(x8)
Register Write to Reg: 0x13 Val: 0x00000003
[inst #80] addi x0,x0,0
Register Write to Reg: 0x00 Val: 0x00000000
[inst #81] addi x0,x0,0
Register Write to Reg: 0x00 Val: 0x00000000
[inst #82] addi x0,x0,0
Register Write to Reg: 0x00 Val: 0x00000000
[inst #83] lw x20,4(x8)
Register Write to Reg: 0x14 Val: 0x00000005
[inst #84] addi x0,x0,0
Register Write to Reg: 0x00 Val: 0x00000000
[inst #85] addi x0,x0,0
Register Write to Reg: 0x00 Val: 0x00000000
[inst #86] addi x0,x0,0
Register Write to Reg: 0x00 Val: 0x00000000
[inst #87] add x18,x19,x20
Register Write to Reg: 0x12 Val: 0x00000008
[inst #88] addi x0,x0,0
Register Write to Reg: 0x00 Val: 0x00000000
[inst #89] addi x0,x0,0
Register Write to Reg: 0x00 Val: 0x00000000
[inst #90] addi x0,x0,0
Register Write to Reg: 0x00 Val: 0x00000000
[inst #91] sw x18,8(x8)
Memory Write to Addr: 0x10010014 Val: 0x00000008
[inst #92] addi x8,x8,4
Register Write to Reg: 0x08 Val: 0x10010010
[inst #93] addi x9,x9,-1
Register Write to Reg: 0x09 Val: 0x0000000D
[inst #94] addi x0,x0,0
Register Write to Reg: 0x00 Val: 0x00000000
[inst #95] addi x0,x0,0
Register Write to Reg: 0x00 Val: 0x00000000
[inst #96] addi x0,x0,0
Register Write to Reg: 0x00 Val: 0x00000000
[inst #97] bne x9,x0,-72
[inst #98] lw x19,0(x8)
Register Write to Reg: 0x13 Val: 0x00000005
[inst #99] addi x0,x0,0
Register Write to Reg: 0x00 Val: 0x00000000
[inst #100] addi x0,x0,0
Register Write to Reg: 0x00 Val: 0x00000000
[inst #101] addi x0,x0,0
Register Write to Reg: 0x00 Val: 0x00000000
[inst #102] lw x20,4(x8)
Register Write to Reg: 0x14 Val: 0x00000008
[inst #103] addi x0,x0,0
Register Write to Reg: 0x00 Val: 0x00000000
[inst #104] addi x0,x0,0
Register Write to Reg: 0x00 Val: 0x00000000
[inst #105] addi x0,x0,0
Register Write to Reg: 0x00 Val: 0x00000000
[inst #106] add x18,x19,x20
Register Write to Reg: 0x12 Val: 0x0000000D
[inst #107] addi x0,x0,0
Register Write to Reg: 0x00 Val: 0x00000000
[inst #108] addi x0,x0,0
Register Write to Reg: 0x00 Val: 0x00000000
[inst #109] addi x0,x0,0
Register Write to Reg: 0x00 Val: 0x00000000
[inst #110] sw x18,8(x8)
Memory Write to Addr: 0x10010018 Val: 0x0000000D
[inst #111] addi x8,x8,4
Register Write to Reg: 0x08 Val: 0x10010014
[inst #112] addi x9,x9,-1
Register Write to Reg: 0x09 Val: 0x0000000C
[inst #113] addi x0,x0,0
Register Write to Reg: 0x00 Val: 0x00000000
[inst #114] addi x0,x0,0
Register Write to Reg: 0x00 Val: 0x00000000
[inst #115] addi x0,x0,0
Register Write to Reg: 0x00 Val: 0x00000000
[inst #116] bne x9,x0,-72
[inst #117] lw x19,0(x8)
Register Write to Reg: 0x13 Val: 0x00000008
[inst #118] addi x0,x0,0
Register Write to Reg: 0x00 Val: 0x00000000
[inst #119] addi x0,x0,0
Register Write to Reg: 0x00 Val: 0x00000000
[inst #120] addi x0,x0,0
Register Write to Reg: 0x00 Val: 0x00000000
[inst #121] lw x20,4(x8)
Register Write to Reg: 0x14 Val: 0x0000000D
[inst #122] addi x0,x0,0
Register Write to Reg: 0x00 Val: 0x00000000
[inst #123] addi x0,x0,0
Register Write to Reg: 0x00 Val: 0x00000000
[inst #124] addi x0,x0,0
Register Write to Reg: 0x00 Val: 0x00000000
[inst #125] add x18,x19,x20
Register Write to Reg: 0x12 Val: 0x00000015
[inst #126] addi x0,x0,0
Register Write to Reg: 0x00 Val: 0x00000000
[inst #127] addi x0,x0,0
Register Write to Reg: 0x00 Val: 0x00000000
[inst #128] addi x0,x0,0
Register Write to Reg: 0x00 Val: 0x00000000
[inst #129] sw x18,8(x8)
Memory Write to Addr: 0x1001001C Val: 0x00000015
[inst #130] addi x8,x8,4
Register Write to Reg: 0x08 Val: 0x10010018
[inst #131] addi x9,x9,-1
Register Write to Reg: 0x09 Val: 0x0000000B
[inst #132] addi x0,x0,0
Register Write to Reg: 0x00 Val: 0x00000000
[inst #133] addi x0,x0,0
Register Write to Reg: 0x00 Val: 0x00000000
[inst #134] addi x0,x0,0
Register Write to Reg: 0x00 Val: 0x00000000
[inst #135] bne x9,x0,-72
[inst #136] lw x19,0(x8)
Register Write to Reg: 0x13 Val: 0x0000000D
[inst #137] addi x0,x0,0
Register Write to Reg: 0x00 Val: 0x00000000
[inst #138] addi x0,x0,0
Register Write to Reg: 0x00 Val: 0x00000000
[inst #139] addi x0,x0,0
Register Write to Reg: 0x00 Val: 0x00000000
[inst #140] lw x20,4(x8)
Register Write to Reg: 0x14 Val: 0x00000015
[inst #141] addi x0,x0,0
Register Write to Reg: 0x00 Val: 0x00000000
[inst #142] addi x0,x0,0
Register Write to Reg: 0x00 Val: 0x00000000
[inst #143] addi x0,x0,0
Register Write to Reg: 0x00 Val: 0x00000000
[inst #144] add x18,x19,x20
Register Write to Reg: 0x12 Val: 0x00000022
[inst #145] addi x0,x0,0
Register Write to Reg: 0x00 Val: 0x00000000
[inst #146] addi x0,x0,0
Register Write to Reg: 0x00 Val: 0x00000000
[inst #147] addi x0,x0,0
Register Write to Reg: 0x00 Val: 0x00000000
[inst #148] sw x18,8(x8)
Memory Write to Addr: 0x10010020 Val: 0x00000022
[inst #149] addi x8,x8,4
Register Write to Reg: 0x08 Val: 0x1001001C
[inst #150] addi x9,x9,-1
Register Write to Reg: 0x09 Val: 0x0000000A
[inst #151] addi x0,x0,0
Register Write to Reg: 0x00 Val: 0x00000000
[inst #152] addi x0,x0,0
Register Write to Reg: 0x00 Val: 0x00000000
[inst #153] addi x0,x0,0
Register Write to Reg: 0x00 Val: 0x00000000
[inst #154] bne x9,x0,-72
[inst #155] lw x19,0(x8)
Register Write to Reg: 0x13 Val: 0x00000015
[inst #156] addi x0,x0,0
Register Write to Reg: 0x00 Val: 0x00000000
[inst #157] addi x0,x0,0
Register Write to Reg: 0x00 Val: 0x00000000
[inst #158] addi x0,x0,0
Register Write to Reg: 0x00 Val: 0x00000000
[inst #159] lw x20,4(x8)
Register Write to Reg: 0x14 Val: 0x00000022
[inst #160] addi x0,x0,0
Register Write to Reg: 0x00 Val: 0x00000000
[inst #161] addi x0,x0,0
Register Write to Reg: 0x00 Val: 0x00000000
[inst #162] addi x0,x0,0
Register Write to Reg: 0x00 Val: 0x00000000
[inst #163] add x18,x19,x20
Register Write to Reg: 0x12 Val: 0x00000037
[inst #164] addi x0,x0,0
Register Write to Reg: 0x00 Val: 0x00000000
[inst #165] addi x0,x0,0
Register Write to Reg: 0x00 Val: 0x00000000
[inst #166] addi x0,x0,0
Register Write to Reg: 0x00 Val: 0x00000000
[inst #167] sw x18,8(x8)
Memory Write to Addr: 0x10010024 Val: 0x00000037
[inst #168] addi x8,x8,4
Register Write to Reg: 0x08 Val: 0x10010020
[inst #169] addi x9,x9,-1
Register Write to Reg: 0x09 Val: 0x00000009
[inst #170] addi x0,x0,0
Register Write to Reg: 0x00 Val: 0x00000000
[inst #171] addi x0,x0,0
Register Write to Reg: 0x00 Val: 0x00000000
[inst #172] addi x0,x0,0
Register Write to Reg: 0x00 Val: 0x00000000
[inst #173] bne x9,x0,-72
[inst #174] lw x19,0(x8)
Register Write to Reg: 0x13 Val: 0x00000022
[inst #175] addi x0,x0,0
Register Write to Reg: 0x00 Val: 0x00000000
[inst #176] addi x0,x0,0
Register Write to Reg: 0x00 Val: 0x00000000
[inst #177] addi x0,x0,0
Register Write to Reg: 0x00 Val: 0x00000000
[inst #178] lw x20,4(x8)
Register Write to Reg: 0x14 Val: 0x00000037
[inst #179] addi x0,x0,0
Register Write to Reg: 0x00 Val: 0x00000000
[inst #180] addi x0,x0,0
Register Write to Reg: 0x00 Val: 0x00000000
[inst #181] addi x0,x0,0
Register Write to Reg: 0x00 Val: 0x00000000
[inst #182] add x18,x19,x20
Register Write to Reg: 0x12 Val: 0x00000059
[inst #183] addi x0,x0,0
Register Write to Reg: 0x00 Val: 0x00000000
[inst #184] addi x0,x0,0
Register Write to Reg: 0x00 Val: 0x00000000
[inst #185] addi x0,x0,0
Register Write to Reg: 0x00 Val: 0x00000000
[inst #186] sw x18,8(x8)
Memory Write to Addr: 0x10010028 Val: 0x00000059
[inst #187] addi x8,x8,4
Register Write to Reg: 0x08 Val: 0x10010024
[inst #188] addi x9,x9,-1
Register Write to Reg: 0x09 Val: 0x00000008
[inst #189] addi x0,x0,0
Register Write to Reg: 0x00 Val: 0x00000000
[inst #190] addi x0,x0,0
Register Write to Reg: 0x00 Val: 0x00000000
[inst #191] addi x0,x0,0
Register Write to Reg: 0x00 Val: 0x00000000
[inst #192] bne x9,x0,-72
[inst #193] lw x19,0(x8)
Register Write to Reg: 0x13 Val: 0x00000037
[inst #194] addi x0,x0,0
Register Write to Reg: 0x00 Val: 0x00000000
[inst #195] addi x0,x0,0
Register Write to Reg: 0x00 Val: 0x00000000
[inst #196] addi x0,x0,0
Register Write to Reg: 0x00 Val: 0x00000000
[inst #197] lw x20,4(x8)
Register Write to Reg: 0x14 Val: 0x00000059
[inst #198] addi x0,x0,0
Register Write to Reg: 0x00 Val: 0x00000000
[inst #199] addi x0,x0,0
Register Write to Reg: 0x00 Val: 0x00000000
[inst #200] addi x0,x0,0
Register Write to Reg: 0x00 Val: 0x00000000
[inst #201] add x18,x19,x20
Register Write to Reg: 0x12 Val: 0x00000090
[inst #202] addi x0,x0,0
Register Write to Reg: 0x00 Val: 0x00000000
[inst #203] addi x0,x0,0
Register Write to Reg: 0x00 Val: 0x00000000
[inst #204] addi x0,x0,0
Register Write to Reg: 0x00 Val: 0x00000000
[inst #205] sw x18,8(x8)
Memory Write to Addr: 0x1001002C Val: 0x00000090
[inst #206] addi x8,x8,4
Register Write to Reg: 0x08 Val: 0x10010028
[inst #207] addi x9,x9,-1
Register Write to Reg: 0x09 Val: 0x00000007
[inst #208] addi x0,x0,0
Register Write to Reg: 0x00 Val: 0x00000000
[inst #209] addi x0,x0,0
Register Write to Reg: 0x00 Val: 0x00000000
[inst #210] addi x0,x0,0
Register Write to Reg: 0x00 Val: 0x00000000
[inst #211] bne x9,x0,-72
[inst #212] lw x19,0(x8)
Register Write to Reg: 0x13 Val: 0x00000059
[inst #213] addi x0,x0,0
Register Write to Reg: 0x00 Val: 0x00000000
[inst #214] addi x0,x0,0
Register Write to Reg: 0x00 Val: 0x00000000
[inst #215] addi x0,x0,0
Register Write to Reg: 0x00 Val: 0x00000000
[inst #216] lw x20,4(x8)
Register Write to Reg: 0x14 Val: 0x00000090
[inst #217] addi x0,x0,0
Register Write to Reg: 0x00 Val: 0x00000000
[inst #218] addi x0,x0,0
Register Write to Reg: 0x00 Val: 0x00000000
[inst #219] addi x0,x0,0
Register Write to Reg: 0x00 Val: 0x00000000
[inst #220] add x18,x19,x20
Register Write to Reg: 0x12 Val: 0x000000E9
[inst #221] addi x0,x0,0
Register Write to Reg: 0x00 Val: 0x00000000
[inst #222] addi x0,x0,0
Register Write to Reg: 0x00 Val: 0x00000000
[inst #223] addi x0,x0,0
Register Write to Reg: 0x00 Val: 0x00000000
[inst #224] sw x18,8(x8)
Memory Write to Addr: 0x10010030 Val: 0x000000E9
[inst #225] addi x8,x8,4
Register Write to Reg: 0x08 Val: 0x1001002C
[inst #226] addi x9,x9,-1
Register Write to Reg: 0x09 Val: 0x00000006
[inst #227] addi x0,x0,0
Register Write to Reg: 0x00 Val: 0x00000000
[inst #228] addi x0,x0,0
Register Write to Reg: 0x00 Val: 0x00000000
[inst #229] addi x0,x0,0
Register Write to Reg: 0x00 Val: 0x00000000
[inst #230] bne x9,x0,-72
[inst #231] lw x19,0(x8)
Register Write to Reg: 0x13 Val: 0x00000090
[inst #232] addi x0,x0,0
Register Write to Reg: 0x00 Val: 0x00000000
[inst #233] addi x0,x0,0
Register Write to Reg: 0x00 Val: 0x00000000
[inst #234] addi x0,x0,0
Register Write to Reg: 0x00 Val: 0x00000000
[inst #235] lw x20,4(x8)
Register Write to Reg: 0x14 Val: 0x000000E9
[inst #236] addi x0,x0,0
Register Write to Reg: 0x00 Val: 0x00000000
[inst #237] addi x0,x0,0
Register Write to Reg: 0x00 Val: 0x00000000
[inst #238] addi x0,x0,0
Register Write to Reg: 0x00 Val: 0x00000000
[inst #239] add x18,x19,x20
Register Write to Reg: 0x12 Val: 0x00000179
[inst #240] addi x0,x0,0
Register Write to Reg: 0x00 Val: 0x00000000
[inst #241] addi x0,x0,0
Register Write to Reg: 0x00 Val: 0x00000000
[inst #242] addi x0,x0,0
Register Write to Reg: 0x00 Val: 0x00000000
[inst #243] sw x18,8(x8)
Memory Write to Addr: 0x10010034 Val: 0x00000179
[inst #244] addi x8,x8,4
Register Write to Reg: 0x08 Val: 0x10010030
[inst #245] addi x9,x9,-1
Register Write to Reg: 0x09 Val: 0x00000005
[inst #246] addi x0,x0,0
Register Write to Reg: 0x00 Val: 0x00000000
[inst #247] addi x0,x0,0
Register Write to Reg: 0x00 Val: 0x00000000
[inst #248] addi x0,x0,0
Register Write to Reg: 0x00 Val: 0x00000000
[inst #249] bne x9,x0,-72
[inst #250] lw x19,0(x8)
Register Write to Reg: 0x13 Val: 0x000000E9
[inst #251] addi x0,x0,0
Register Write to Reg: 0x00 Val: 0x00000000
[inst #252] addi x0,x0,0
Register Write to Reg: 0x00 Val: 0x00000000
[inst #253] addi x0,x0,0
Register Write to Reg: 0x00 Val: 0x00000000
[inst #254] lw x20,4(x8)
Register Write to Reg: 0x14 Val: 0x00000179
[inst #255] addi x0,x0,0
Register Write to Reg: 0x00 Val: 0x00000000
[inst #256] addi x0,x0,0
Register Write to Reg: 0x00 Val: 0x00000000
[inst #257] addi x0,x0,0
Register Write to Reg: 0x00 Val: 0x00000000
[inst #258] add x18,x19,x20
Register Write to Reg: 0x12 Val: 0x00000262
[inst #259] addi x0,x0,0
Register Write to Reg: 0x00 Val: 0x00000000
[inst #260] addi x0,x0,0
Register Write to Reg: 0x00 Val: 0x00000000
[inst #261] addi x0,x0,0
Register Write to Reg: 0x00 Val: 0x00000000
[inst #262] sw x18,8(x8)
Memory Write to Addr: 0x10010038 Val: 0x00000262
[inst #263] addi x8,x8,4
Register Write to Reg: 0x08 Val: 0x10010034
[inst #264] addi x9,x9,-1
Register Write to Reg: 0x09 Val: 0x00000004
[inst #265] addi x0,x0,0
Register Write to Reg: 0x00 Val: 0x00000000
[inst #266] addi x0,x0,0
Register Write to Reg: 0x00 Val: 0x00000000
[inst #267] addi x0,x0,0
Register Write to Reg: 0x00 Val: 0x00000000
[inst #268] bne x9,x0,-72
[inst #269] lw x19,0(x8)
Register Write to Reg: 0x13 Val: 0x00000179
[inst #270] addi x0,x0,0
Register Write to Reg: 0x00 Val: 0x00000000
[inst #271] addi x0,x0,0
Register Write to Reg: 0x00 Val: 0x00000000
[inst #272] addi x0,x0,0
Register Write to Reg: 0x00 Val: 0x00000000
[inst #273] lw x20,4(x8)
Register Write to Reg: 0x14 Val: 0x00000262
[inst #274] addi x0,x0,0
Register Write to Reg: 0x00 Val: 0x00000000
[inst #275] addi x0,x0,0
Register Write to Reg: 0x00 Val: 0x00000000
[inst #276] addi x0,x0,0
Register Write to Reg: 0x00 Val: 0x00000000
[inst #277] add x18,x19,x20
Register Write to Reg: 0x12 Val: 0x000003DB
[inst #278] addi x0,x0,0
Register Write to Reg: 0x00 Val: 0x00000000
[inst #279] addi x0,x0,0
Register Write to Reg: 0x00 Val: 0x00000000
[inst #280] addi x0,x0,0
Register Write to Reg: 0x00 Val: 0x00000000
[inst #281] sw x18,8(x8)
Memory Write to Addr: 0x1001003C Val: 0x000003DB
[inst #282] addi x8,x8,4
Register Write to Reg: 0x08 Val: 0x10010038
[inst #283] addi x9,x9,-1
Register Write to Reg: 0x09 Val: 0x00000003
[inst #284] addi x0,x0,0
Register Write to Reg: 0x00 Val: 0x00000000
[inst #285] addi x0,x0,0
Register Write to Reg: 0x00 Val: 0x00000000
[inst #286] addi x0,x0,0
Register Write to Reg: 0x00 Val: 0x00000000
[inst #287] bne x9,x0,-72
[inst #288] lw x19,0(x8)
Register Write to Reg: 0x13 Val: 0x00000262
[inst #289] addi x0,x0,0
Register Write to Reg: 0x00 Val: 0x00000000
[inst #290] addi x0,x0,0
Register Write to Reg: 0x00 Val: 0x00000000
[inst #291] addi x0,x0,0
Register Write to Reg: 0x00 Val: 0x00000000
[inst #292] lw x20,4(x8)
Register Write to Reg: 0x14 Val: 0x000003DB
[inst #293] addi x0,x0,0
Register Write to Reg: 0x00 Val: 0x00000000
[inst #294] addi x0,x0,0
Register Write to Reg: 0x00 Val: 0x00000000
[inst #295] addi x0,x0,0
Register Write to Reg: 0x00 Val: 0x00000000
[inst #296] add x18,x19,x20
Register Write to Reg: 0x12 Val: 0x0000063D
[inst #297] addi x0,x0,0
Register Write to Reg: 0x00 Val: 0x00000000
[inst #298] addi x0,x0,0
Register Write to Reg: 0x00 Val: 0x00000000
[inst #299] addi x0,x0,0
Register Write to Reg: 0x00 Val: 0x00000000
[inst #300] sw x18,8(x8)
Memory Write to Addr: 0x10010040 Val: 0x0000063D
[inst #301] addi x8,x8,4
Register Write to Reg: 0x08 Val: 0x1001003C
[inst #302] addi x9,x9,-1
Register Write to Reg: 0x09 Val: 0x00000002
[inst #303] addi x0,x0,0
Register Write to Reg: 0x00 Val: 0x00000000
[inst #304] addi x0,x0,0
Register Write to Reg: 0x00 Val: 0x00000000
[inst #305] addi x0,x0,0
Register Write to Reg: 0x00 Val: 0x00000000
[inst #306] bne x9,x0,-72
[inst #307] lw x19,0(x8)
Register Write to Reg: 0x13 Val: 0x000003DB
[inst #308] addi x0,x0,0
Register Write to Reg: 0x00 Val: 0x00000000
[inst #309] addi x0,x0,0
Register Write to Reg: 0x00 Val: 0x00000000
[inst #310] addi x0,x0,0
Register Write to Reg: 0x00 Val: 0x00000000
[inst #311] lw x20,4(x8)
Register Write to Reg: 0x14 Val: 0x0000063D
[inst #312] addi x0,x0,0
Register Write to Reg: 0x00 Val: 0x00000000
[inst #313] addi x0,x0,0
Register Write to Reg: 0x00 Val: 0x00000000
[inst #314] addi x0,x0,0
Register Write to Reg: 0x00 Val: 0x00000000
[inst #315] add x18,x19,x20
Register Write to Reg: 0x12 Val: 0x00000A18
[inst #316] addi x0,x0,0
Register Write to Reg: 0x00 Val: 0x00000000
[inst #317] addi x0,x0,0
Register Write to Reg: 0x00 Val: 0x00000000
[inst #318] addi x0,x0,0
Register Write to Reg: 0x00 Val: 0x00000000
[inst #319] sw x18,8(x8)
Memory Write to Addr: 0x10010044 Val: 0x00000A18
[inst #320] addi x8,x8,4
Register Write to Reg: 0x08 Val: 0x10010040
[inst #321] addi x9,x9,-1
Register Write to Reg: 0x09 Val: 0x00000001
[inst #322] addi x0,x0,0
Register Write to Reg: 0x00 Val: 0x00000000
[inst #323] addi x0,x0,0
Register Write to Reg: 0x00 Val: 0x00000000
[inst #324] addi x0,x0,0
Register Write to Reg: 0x00 Val: 0x00000000
[inst #325] bne x9,x0,-72
[inst #326] lw x19,0(x8)
Register Write to Reg: 0x13 Val: 0x0000063D
[inst #327] addi x0,x0,0
Register Write to Reg: 0x00 Val: 0x00000000
[inst #328] addi x0,x0,0
Register Write to Reg: 0x00 Val: 0x00000000
[inst #329] addi x0,x0,0
Register Write to Reg: 0x00 Val: 0x00000000
[inst #330] lw x20,4(x8)
Register Write to Reg: 0x14 Val: 0x00000A18
[inst #331] addi x0,x0,0
Register Write to Reg: 0x00 Val: 0x00000000
[inst #332] addi x0,x0,0
Register Write to Reg: 0x00 Val: 0x00000000
[inst #333] addi x0,x0,0
Register Write to Reg: 0x00 Val: 0x00000000
[inst #334] add x18,x19,x20
Register Write to Reg: 0x12 Val: 0x00001055
[inst #335] addi x0,x0,0
Register Write to Reg: 0x00 Val: 0x00000000
[inst #336] addi x0,x0,0
Register Write to Reg: 0x00 Val: 0x00000000
[inst #337] addi x0,x0,0
Register Write to Reg: 0x00 Val: 0x00000000
[inst #338] sw x18,8(x8)
Memory Write to Addr: 0x10010048 Val: 0x00001055
[inst #339] addi x8,x8,4
Register Write to Reg: 0x08 Val: 0x10010044
[inst #340] addi x9,x9,-1
Register Write to Reg: 0x09 Val: 0x00000000
[inst #341] addi x0,x0,0
Register Write to Reg: 0x00 Val: 0x00000000
[inst #342] addi x0,x0,0
Register Write to Reg: 0x00 Val: 0x00000000
[inst #343] addi x0,x0,0
Register Write to Reg: 0x00 Val: 0x00000000
[inst #344] bne x9,x0,-72
[inst #345] addi x0,x0,0
Register Write to Reg: 0x00 Val: 0x00000000
[inst #346] addi x0,x0,0
Register Write to Reg: 0x00 Val: 0x00000000
[inst #347] addi x0,x0,0
Register Write to Reg: 0x00 Val: 0x00000000
[inst #348] auipc x10,64528
Register Write to Reg: 0x0A Val: 0x100100AC
[inst #349] sll x0,x0,x0
Register Write to Reg: 0x00 Val: 0x00000000
[inst #350] sll x0,x0,x0
Register Write to Reg: 0x00 Val: 0x00000000
[inst #351] sll x0,x0,x0
Register Write to Reg: 0x00 Val: 0x00000000
[inst #352] addi x10,x10,-172
Register Write to Reg: 0x0A Val: 0x10010000
[inst #353] add x11,x0,x21
Register Write to Reg: 0x0B Val: 0x00000013
[inst #354] jal x1,32
Register Write to Reg: 0x01 Val: 0x004000C8
[inst #355] add x5,x0,x10
Register Write to Reg: 0x05 Val: 0x10010000
[inst #356] add x6,x0,x11
Register Write to Reg: 0x06 Val: 0x00000013
[inst #357] auipc x10,64528
Register Write to Reg: 0x0A Val: 0x100100EC
[inst #358] sll x0,x0,x0
Register Write to Reg: 0x00 Val: 0x00000000
[inst #359] sll x0,x0,x0
Register Write to Reg: 0x00 Val: 0x00000000
[inst #360] sll x0,x0,x0
Register Write to Reg: 0x00 Val: 0x00000000
[inst #361] addi x10,x10,-154
Register Write to Reg: 0x0A Val: 0x10010052
[inst #362] addi x0,x0,0
Register Write to Reg: 0x00 Val: 0x00000000
[inst #363] addi x0,x0,0
Register Write to Reg: 0x00 Val: 0x00000000
[inst #364] addi x0,x0,0
Register Write to Reg: 0x00 Val: 0x00000000
[inst #365] ori x17,x0,4
Register Write to Reg: 0x11 Val: 0x00000004
[inst #366] addi x0,x0,0
Register Write to Reg: 0x00 Val: 0x00000000
[inst #367] addi x0,x0,0
Register Write to Reg: 0x00 Val: 0x00000000
[inst #368] lw x10,0(x5)
Register Write to Reg: 0x0A Val: 0x00000001
[inst #369] addi x0,x0,0
Register Write to Reg: 0x00 Val: 0x00000000
[inst #370] addi x0,x0,0
Register Write to Reg: 0x00 Val: 0x00000000
[inst #371] addi x0,x0,0
Register Write to Reg: 0x00 Val: 0x00000000
[inst #372] ori x17,x0,1
Register Write to Reg: 0x11 Val: 0x00000001
[inst #373] addi x0,x0,0
Register Write to Reg: 0x00 Val: 0x00000000
[inst #374] addi x0,x0,0
Register Write to Reg: 0x00 Val: 0x00000000
[inst #375] addi x0,x0,0
Register Write to Reg: 0x00 Val: 0x00000000
[inst #376] auipc x10,64528
Register Write to Reg: 0x0A Val: 0x10010138
[inst #377] sll x0,x0,x0
Register Write to Reg: 0x00 Val: 0x00000000
[inst #378] sll x0,x0,x0
Register Write to Reg: 0x00 Val: 0x00000000
[inst #379] sll x0,x0,x0
Register Write to Reg: 0x00 Val: 0x00000000
[inst #380] addi x10,x10,-232
Register Write to Reg: 0x0A Val: 0x10010050
[inst #381] addi x0,x0,0
Register Write to Reg: 0x00 Val: 0x00000000
[inst #382] addi x0,x0,0
Register Write to Reg: 0x00 Val: 0x00000000
[inst #383] addi x0,x0,0
Register Write to Reg: 0x00 Val: 0x00000000
[inst #384] ori x17,x0,4
Register Write to Reg: 0x11 Val: 0x00000004
[inst #385] addi x0,x0,0
Register Write to Reg: 0x00 Val: 0x00000000
[inst #386] addi x0,x0,0
Register Write to Reg: 0x00 Val: 0x00000000
[inst #387] addi x0,x0,0
Register Write to Reg: 0x00 Val: 0x00000000
[inst #388] addi x5,x5,4
Register Write to Reg: 0x05 Val: 0x10010004
[inst #389] addi x6,x6,-1
Register Write to Reg: 0x06 Val: 0x00000012
[inst #390] addi x0,x0,0
Register Write to Reg: 0x00 Val: 0x00000000
[inst #391] addi x0,x0,0
Register Write to Reg: 0x00 Val: 0x00000000
[inst #392] addi x0,x0,0
Register Write to Reg: 0x00 Val: 0x00000000
[inst #393] bne x6,x0,-100
[inst #394] lw x10,0(x5)
Register Write to Reg: 0x0A Val: 0x00000001
[inst #395] addi x0,x0,0
Register Write to Reg: 0x00 Val: 0x00000000
[inst #396] addi x0,x0,0
Register Write to Reg: 0x00 Val: 0x00000000
[inst #397] addi x0,x0,0
Register Write to Reg: 0x00 Val: 0x00000000
[inst #398] ori x17,x0,1
Register Write to Reg: 0x11 Val: 0x00000001
[inst #399] addi x0,x0,0
Register Write to Reg: 0x00 Val: 0x00000000
[inst #400] addi x0,x0,0
Register Write to Reg: 0x00 Val: 0x00000000
[inst #401] addi x0,x0,0
Register Write to Reg: 0x00 Val: 0x00000000
[inst #402] auipc x10,64528
Register Write to Reg: 0x0A Val: 0x10010138
[inst #403] sll x0,x0,x0
Register Write to Reg: 0x00 Val: 0x00000000
[inst #404] sll x0,x0,x0
Register Write to Reg: 0x00 Val: 0x00000000
[inst #405] sll x0,x0,x0
Register Write to Reg: 0x00 Val: 0x00000000
[inst #406] addi x10,x10,-232
Register Write to Reg: 0x0A Val: 0x10010050
[inst #407] addi x0,x0,0
Register Write to Reg: 0x00 Val: 0x00000000
[inst #408] addi x0,x0,0
Register Write to Reg: 0x00 Val: 0x00000000
[inst #409] addi x0,x0,0
Register Write to Reg: 0x00 Val: 0x00000000
[inst #410] ori x17,x0,4
Register Write to Reg: 0x11 Val: 0x00000004
[inst #411] addi x0,x0,0
Register Write to Reg: 0x00 Val: 0x00000000
[inst #412] addi x0,x0,0
Register Write to Reg: 0x00 Val: 0x00000000
[inst #413] addi x0,x0,0
Register Write to Reg: 0x00 Val: 0x00000000
[inst #414] addi x5,x5,4
Register Write to Reg: 0x05 Val: 0x10010008
[inst #415] addi x6,x6,-1
Register Write to Reg: 0x06 Val: 0x00000011
[inst #416] addi x0,x0,0
Register Write to Reg: 0x00 Val: 0x00000000
[inst #417] addi x0,x0,0
Register Write to Reg: 0x00 Val: 0x00000000
[inst #418] addi x0,x0,0
Register Write to Reg: 0x00 Val: 0x00000000
[inst #419] bne x6,x0,-100
[inst #420] lw x10,0(x5)
Register Write to Reg: 0x0A Val: 0x00000002
[inst #421] addi x0,x0,0
Register Write to Reg: 0x00 Val: 0x00000000
[inst #422] addi x0,x0,0
Register Write to Reg: 0x00 Val: 0x00000000
[inst #423] addi x0,x0,0
Register Write to Reg: 0x00 Val: 0x00000000
[inst #424] ori x17,x0,1
Register Write to Reg: 0x11 Val: 0x00000001
[inst #425] addi x0,x0,0
Register Write to Reg: 0x00 Val: 0x00000000
[inst #426] addi x0,x0,0
Register Write to Reg: 0x00 Val: 0x00000000
[inst #427] addi x0,x0,0
Register Write to Reg: 0x00 Val: 0x00000000
[inst #428] auipc x10,64528
Register Write to Reg: 0x0A Val: 0x10010138
[inst #429] sll x0,x0,x0
Register Write to Reg: 0x00 Val: 0x00000000
[inst #430] sll x0,x0,x0
Register Write to Reg: 0x00 Val: 0x00000000
[inst #431] sll x0,x0,x0
Register Write to Reg: 0x00 Val: 0x00000000
[inst #432] addi x10,x10,-232
Register Write to Reg: 0x0A Val: 0x10010050
[inst #433] addi x0,x0,0
Register Write to Reg: 0x00 Val: 0x00000000
[inst #434] addi x0,x0,0
Register Write to Reg: 0x00 Val: 0x00000000
[inst #435] addi x0,x0,0
Register Write to Reg: 0x00 Val: 0x00000000
[inst #436] ori x17,x0,4
Register Write to Reg: 0x11 Val: 0x00000004
[inst #437] addi x0,x0,0
Register Write to Reg: 0x00 Val: 0x00000000
[inst #438] addi x0,x0,0
Register Write to Reg: 0x00 Val: 0x00000000
[inst #439] addi x0,x0,0
Register Write to Reg: 0x00 Val: 0x00000000
[inst #440] addi x5,x5,4
Register Write to Reg: 0x05 Val: 0x1001000C
[inst #441] addi x6,x6,-1
Register Write to Reg: 0x06 Val: 0x00000010
[inst #442] addi x0,x0,0
Register Write to Reg: 0x00 Val: 0x00000000
[inst #443] addi x0,x0,0
Register Write to Reg: 0x00 Val: 0x00000000
[inst #444] addi x0,x0,0
Register Write to Reg: 0x00 Val: 0x00000000
[inst #445] bne x6,x0,-100
[inst #446] lw x10,0(x5)
Register Write to Reg: 0x0A Val: 0x00000003
[inst #447] addi x0,x0,0
Register Write to Reg: 0x00 Val: 0x00000000
[inst #448] addi x0,x0,0
Register Write to Reg: 0x00 Val: 0x00000000
[inst #449] addi x0,x0,0
Register Write to Reg: 0x00 Val: 0x00000000
[inst #450] ori x17,x0,1
Register Write to Reg: 0x11 Val: 0x00000001
[inst #451] addi x0,x0,0
Register Write to Reg: 0x00 Val: 0x00000000
[inst #452] addi x0,x0,0
Register Write to Reg: 0x00 Val: 0x00000000
[inst #453] addi x0,x0,0
Register Write to Reg: 0x00 Val: 0x00000000
[inst #454] auipc x10,64528
Register Write to Reg: 0x0A Val: 0x10010138
[inst #455] sll x0,x0,x0
Register Write to Reg: 0x00 Val: 0x00000000
[inst #456] sll x0,x0,x0
Register Write to Reg: 0x00 Val: 0x00000000
[inst #457] sll x0,x0,x0
Register Write to Reg: 0x00 Val: 0x00000000
[inst #458] addi x10,x10,-232
Register Write to Reg: 0x0A Val: 0x10010050
[inst #459] addi x0,x0,0
Register Write to Reg: 0x00 Val: 0x00000000
[inst #460] addi x0,x0,0
Register Write to Reg: 0x00 Val: 0x00000000
[inst #461] addi x0,x0,0
Register Write to Reg: 0x00 Val: 0x00000000
[inst #462] ori x17,x0,4
Register Write to Reg: 0x11 Val: 0x00000004
[inst #463] addi x0,x0,0
Register Write to Reg: 0x00 Val: 0x00000000
[inst #464] addi x0,x0,0
Register Write to Reg: 0x00 Val: 0x00000000
[inst #465] addi x0,x0,0
Register Write to Reg: 0x00 Val: 0x00000000
[inst #466] addi x5,x5,4
Register Write to Reg: 0x05 Val: 0x10010010
[inst #467] addi x6,x6,-1
Register Write to Reg: 0x06 Val: 0x0000000F
[inst #468] addi x0,x0,0
Register Write to Reg: 0x00 Val: 0x00000000
[inst #469] addi x0,x0,0
Register Write to Reg: 0x00 Val: 0x00000000
[inst #470] addi x0,x0,0
Register Write to Reg: 0x00 Val: 0x00000000
[inst #471] bne x6,x0,-100
[inst #472] lw x10,0(x5)
Register Write to Reg: 0x0A Val: 0x00000005
[inst #473] addi x0,x0,0
Register Write to Reg: 0x00 Val: 0x00000000
[inst #474] addi x0,x0,0
Register Write to Reg: 0x00 Val: 0x00000000
[inst #475] addi x0,x0,0
Register Write to Reg: 0x00 Val: 0x00000000
[inst #476] ori x17,x0,1
Register Write to Reg: 0x11 Val: 0x00000001
[inst #477] addi x0,x0,0
Register Write to Reg: 0x00 Val: 0x00000000
[inst #478] addi x0,x0,0
Register Write to Reg: 0x00 Val: 0x00000000
[inst #479] addi x0,x0,0
Register Write to Reg: 0x00 Val: 0x00000000
[inst #480] auipc x10,64528
Register Write to Reg: 0x0A Val: 0x10010138
[inst #481] sll x0,x0,x0
Register Write to Reg: 0x00 Val: 0x00000000
[inst #482] sll x0,x0,x0
Register Write to Reg: 0x00 Val: 0x00000000
[inst #483] sll x0,x0,x0
Register Write to Reg: 0x00 Val: 0x00000000
[inst #484] addi x10,x10,-232
Register Write to Reg: 0x0A Val: 0x10010050
[inst #485] addi x0,x0,0
Register Write to Reg: 0x00 Val: 0x00000000
[inst #486] addi x0,x0,0
Register Write to Reg: 0x00 Val: 0x00000000
[inst #487] addi x0,x0,0
Register Write to Reg: 0x00 Val: 0x00000000
[inst #488] ori x17,x0,4
Register Write to Reg: 0x11 Val: 0x00000004
[inst #489] addi x0,x0,0
Register Write to Reg: 0x00 Val: 0x00000000
[inst #490] addi x0,x0,0
Register Write to Reg: 0x00 Val: 0x00000000
[inst #491] addi x0,x0,0
Register Write to Reg: 0x00 Val: 0x00000000
[inst #492] addi x5,x5,4
Register Write to Reg: 0x05 Val: 0x10010014
[inst #493] addi x6,x6,-1
Register Write to Reg: 0x06 Val: 0x0000000E
[inst #494] addi x0,x0,0
Register Write to Reg: 0x00 Val: 0x00000000
[inst #495] addi x0,x0,0
Register Write to Reg: 0x00 Val: 0x00000000
[inst #496] addi x0,x0,0
Register Write to Reg: 0x00 Val: 0x00000000
[inst #497] bne x6,x0,-100
[inst #498] lw x10,0(x5)
Register Write to Reg: 0x0A Val: 0x00000008
[inst #499] addi x0,x0,0
Register Write to Reg: 0x00 Val: 0x00000000
[inst #500] addi x0,x0,0
Register Write to Reg: 0x00 Val: 0x00000000
[inst #501] addi x0,x0,0
Register Write to Reg: 0x00 Val: 0x00000000
[inst #502] ori x17,x0,1
Register Write to Reg: 0x11 Val: 0x00000001
[inst #503] addi x0,x0,0
Register Write to Reg: 0x00 Val: 0x00000000
[inst #504] addi x0,x0,0
Register Write to Reg: 0x00 Val: 0x00000000
[inst #505] addi x0,x0,0
Register Write to Reg: 0x00 Val: 0x00000000
[inst #506] auipc x10,64528
Register Write to Reg: 0x0A Val: 0x10010138
[inst #507] sll x0,x0,x0
Register Write to Reg: 0x00 Val: 0x00000000
[inst #508] sll x0,x0,x0
Register Write to Reg: 0x00 Val: 0x00000000
[inst #509] sll x0,x0,x0
Register Write to Reg: 0x00 Val: 0x00000000
[inst #510] addi x10,x10,-232
Register Write to Reg: 0x0A Val: 0x10010050
[inst #511] addi x0,x0,0
Register Write to Reg: 0x00 Val: 0x00000000
[inst #512] addi x0,x0,0
Register Write to Reg: 0x00 Val: 0x00000000
[inst #513] addi x0,x0,0
Register Write to Reg: 0x00 Val: 0x00000000
[inst #514] ori x17,x0,4
Register Write to Reg: 0x11 Val: 0x00000004
[inst #515] addi x0,x0,0
Register Write to Reg: 0x00 Val: 0x00000000
[inst #516] addi x0,x0,0
Register Write to Reg: 0x00 Val: 0x00000000
[inst #517] addi x0,x0,0
Register Write to Reg: 0x00 Val: 0x00000000
[inst #518] addi x5,x5,4
Register Write to Reg: 0x05 Val: 0x10010018
[inst #519] addi x6,x6,-1
Register Write to Reg: 0x06 Val: 0x0000000D
[inst #520] addi x0,x0,0
Register Write to Reg: 0x00 Val: 0x00000000
[inst #521] addi x0,x0,0
Register Write to Reg: 0x00 Val: 0x00000000
[inst #522] addi x0,x0,0
Register Write to Reg: 0x00 Val: 0x00000000
[inst #523] bne x6,x0,-100
[inst #524] lw x10,0(x5)
Register Write to Reg: 0x0A Val: 0x0000000D
[inst #525] addi x0,x0,0
Register Write to Reg: 0x00 Val: 0x00000000
[inst #526] addi x0,x0,0
Register Write to Reg: 0x00 Val: 0x00000000
[inst #527] addi x0,x0,0
Register Write to Reg: 0x00 Val: 0x00000000
[inst #528] ori x17,x0,1
Register Write to Reg: 0x11 Val: 0x00000001
[inst #529] addi x0,x0,0
Register Write to Reg: 0x00 Val: 0x00000000
[inst #530] addi x0,x0,0
Register Write to Reg: 0x00 Val: 0x00000000
[inst #531] addi x0,x0,0
Register Write to Reg: 0x00 Val: 0x00000000
[inst #532] auipc x10,64528
Register Write to Reg: 0x0A Val: 0x10010138
[inst #533] sll x0,x0,x0
Register Write to Reg: 0x00 Val: 0x00000000
[inst #534] sll x0,x0,x0
Register Write to Reg: 0x00 Val: 0x00000000
[inst #535] sll x0,x0,x0
Register Write to Reg: 0x00 Val: 0x00000000
[inst #536] addi x10,x10,-232
Register Write to Reg: 0x0A Val: 0x10010050
[inst #537] addi x0,x0,0
Register Write to Reg: 0x00 Val: 0x00000000
[inst #538] addi x0,x0,0
Register Write to Reg: 0x00 Val: 0x00000000
[inst #539] addi x0,x0,0
Register Write to Reg: 0x00 Val: 0x00000000
[inst #540] ori x17,x0,4
Register Write to Reg: 0x11 Val: 0x00000004
[inst #541] addi x0,x0,0
Register Write to Reg: 0x00 Val: 0x00000000
[inst #542] addi x0,x0,0
Register Write to Reg: 0x00 Val: 0x00000000
[inst #543] addi x0,x0,0
Register Write to Reg: 0x00 Val: 0x00000000
[inst #544] addi x5,x5,4
Register Write to Reg: 0x05 Val: 0x1001001C
[inst #545] addi x6,x6,-1
Register Write to Reg: 0x06 Val: 0x0000000C
[inst #546] addi x0,x0,0
Register Write to Reg: 0x00 Val: 0x00000000
[inst #547] addi x0,x0,0
Register Write to Reg: 0x00 Val: 0x00000000
[inst #548] addi x0,x0,0
Register Write to Reg: 0x00 Val: 0x00000000
[inst #549] bne x6,x0,-100
[inst #550] lw x10,0(x5)
Register Write to Reg: 0x0A Val: 0x00000015
[inst #551] addi x0,x0,0
Register Write to Reg: 0x00 Val: 0x00000000
[inst #552] addi x0,x0,0
Register Write to Reg: 0x00 Val: 0x00000000
[inst #553] addi x0,x0,0
Register Write to Reg: 0x00 Val: 0x00000000
[inst #554] ori x17,x0,1
Register Write to Reg: 0x11 Val: 0x00000001
[inst #555] addi x0,x0,0
Register Write to Reg: 0x00 Val: 0x00000000
[inst #556] addi x0,x0,0
Register Write to Reg: 0x00 Val: 0x00000000
[inst #557] addi x0,x0,0
Register Write to Reg: 0x00 Val: 0x00000000
[inst #558] auipc x10,64528
Register Write to Reg: 0x0A Val: 0x10010138
[inst #559] sll x0,x0,x0
Register Write to Reg: 0x00 Val: 0x00000000
[inst #560] sll x0,x0,x0
Register Write to Reg: 0x00 Val: 0x00000000
[inst #561] sll x0,x0,x0
Register Write to Reg: 0x00 Val: 0x00000000
[inst #562] addi x10,x10,-232
Register Write to Reg: 0x0A Val: 0x10010050
[inst #563] addi x0,x0,0
Register Write to Reg: 0x00 Val: 0x00000000
[inst #564] addi x0,x0,0
Register Write to Reg: 0x00 Val: 0x00000000
[inst #565] addi x0,x0,0
Register Write to Reg: 0x00 Val: 0x00000000
[inst #566] ori x17,x0,4
Register Write to Reg: 0x11 Val: 0x00000004
[inst #567] addi x0,x0,0
Register Write to Reg: 0x00 Val: 0x00000000
[inst #568] addi x0,x0,0
Register Write to Reg: 0x00 Val: 0x00000000
[inst #569] addi x0,x0,0
Register Write to Reg: 0x00 Val: 0x00000000
[inst #570] addi x5,x5,4
Register Write to Reg: 0x05 Val: 0x10010020
[inst #571] addi x6,x6,-1
Register Write to Reg: 0x06 Val: 0x0000000B
[inst #572] addi x0,x0,0
Register Write to Reg: 0x00 Val: 0x00000000
[inst #573] addi x0,x0,0
Register Write to Reg: 0x00 Val: 0x00000000
[inst #574] addi x0,x0,0
Register Write to Reg: 0x00 Val: 0x00000000
[inst #575] bne x6,x0,-100
[inst #576] lw x10,0(x5)
Register Write to Reg: 0x0A Val: 0x00000022
[inst #577] addi x0,x0,0
Register Write to Reg: 0x00 Val: 0x00000000
[inst #578] addi x0,x0,0
Register Write to Reg: 0x00 Val: 0x00000000
[inst #579] addi x0,x0,0
Register Write to Reg: 0x00 Val: 0x00000000
[inst #580] ori x17,x0,1
Register Write to Reg: 0x11 Val: 0x00000001
[inst #581] addi x0,x0,0
Register Write to Reg: 0x00 Val: 0x00000000
[inst #582] addi x0,x0,0
Register Write to Reg: 0x00 Val: 0x00000000
[inst #583] addi x0,x0,0
Register Write to Reg: 0x00 Val: 0x00000000
[inst #584] auipc x10,64528
Register Write to Reg: 0x0A Val: 0x10010138
[inst #585] sll x0,x0,x0
Register Write to Reg: 0x00 Val: 0x00000000
[inst #586] sll x0,x0,x0
Register Write to Reg: 0x00 Val: 0x00000000
[inst #587] sll x0,x0,x0
Register Write to Reg: 0x00 Val: 0x00000000
[inst #588] addi x10,x10,-232
Register Write to Reg: 0x0A Val: 0x10010050
[inst #589] addi x0,x0,0
Register Write to Reg: 0x00 Val: 0x00000000
[inst #590] addi x0,x0,0
Register Write to Reg: 0x00 Val: 0x00000000
[inst #591] addi x0,x0,0
Register Write to Reg: 0x00 Val: 0x00000000
[inst #592] ori x17,x0,4
Register Write to Reg: 0x11 Val: 0x00000004
[inst #593] addi x0,x0,0
Register Write to Reg: 0x00 Val: 0x00000000
[inst #594] addi x0,x0,0
Register Write to Reg: 0x00 Val: 0x00000000
[inst #595] addi x0,x0,0
Register Write to Reg: 0x00 Val: 0x00000000
[inst #596] addi x5,x5,4
Register Write to Reg: 0x05 Val: 0x10010024
[inst #597] addi x6,x6,-1
Register Write to Reg: 0x06 Val: 0x0000000A
[inst #598] addi x0,x0,0
Register Write to Reg: 0x00 Val: 0x00000000
[inst #599] addi x0,x0,0
Register Write to Reg: 0x00 Val: 0x00000000
[inst #600] addi x0,x0,0
Register Write to Reg: 0x00 Val: 0x00000000
[inst #601] bne x6,x0,-100
[inst #602] lw x10,0(x5)
Register Write to Reg: 0x0A Val: 0x00000037
[inst #603] addi x0,x0,0
Register Write to Reg: 0x00 Val: 0x00000000
[inst #604] addi x0,x0,0
Register Write to Reg: 0x00 Val: 0x00000000
[inst #605] addi x0,x0,0
Register Write to Reg: 0x00 Val: 0x00000000
[inst #606] ori x17,x0,1
Register Write to Reg: 0x11 Val: 0x00000001
[inst #607] addi x0,x0,0
Register Write to Reg: 0x00 Val: 0x00000000
[inst #608] addi x0,x0,0
Register Write to Reg: 0x00 Val: 0x00000000
[inst #609] addi x0,x0,0
Register Write to Reg: 0x00 Val: 0x00000000
[inst #610] auipc x10,64528
Register Write to Reg: 0x0A Val: 0x10010138
[inst #611] sll x0,x0,x0
Register Write to Reg: 0x00 Val: 0x00000000
[inst #612] sll x0,x0,x0
Register Write to Reg: 0x00 Val: 0x00000000
[inst #613] sll x0,x0,x0
Register Write to Reg: 0x00 Val: 0x00000000
[inst #614] addi x10,x10,-232
Register Write to Reg: 0x0A Val: 0x10010050
[inst #615] addi x0,x0,0
Register Write to Reg: 0x00 Val: 0x00000000
[inst #616] addi x0,x0,0
Register Write to Reg: 0x00 Val: 0x00000000
[inst #617] addi x0,x0,0
Register Write to Reg: 0x00 Val: 0x00000000
[inst #618] ori x17,x0,4
Register Write to Reg: 0x11 Val: 0x00000004
[inst #619] addi x0,x0,0
Register Write to Reg: 0x00 Val: 0x00000000
[inst #620] addi x0,x0,0
Register Write to Reg: 0x00 Val: 0x00000000
[inst #621] addi x0,x0,0
Register Write to Reg: 0x00 Val: 0x00000000
[inst #622] addi x5,x5,4
Register Write to Reg: 0x05 Val: 0x10010028
[inst #623] addi x6,x6,-1
Register Write to Reg: 0x06 Val: 0x00000009
[inst #624] addi x0,x0,0
Register Write to Reg: 0x00 Val: 0x00000000
[inst #625] addi x0,x0,0
Register Write to Reg: 0x00 Val: 0x00000000
[inst #626] addi x0,x0,0
Register Write to Reg: 0x00 Val: 0x00000000
[inst #627] bne x6,x0,-100
[inst #628] lw x10,0(x5)
Register Write to Reg: 0x0A Val: 0x00000059
[inst #629] addi x0,x0,0
Register Write to Reg: 0x00 Val: 0x00000000
[inst #630] addi x0,x0,0
Register Write to Reg: 0x00 Val: 0x00000000
[inst #631] addi x0,x0,0
Register Write to Reg: 0x00 Val: 0x00000000
[inst #632] ori x17,x0,1
Register Write to Reg: 0x11 Val: 0x00000001
[inst #633] addi x0,x0,0
Register Write to Reg: 0x00 Val: 0x00000000
[inst #634] addi x0,x0,0
Register Write to Reg: 0x00 Val: 0x00000000
[inst #635] addi x0,x0,0
Register Write to Reg: 0x00 Val: 0x00000000
[inst #636] auipc x10,64528
Register Write to Reg: 0x0A Val: 0x10010138
[inst #637] sll x0,x0,x0
Register Write to Reg: 0x00 Val: 0x00000000
[inst #638] sll x0,x0,x0
Register Write to Reg: 0x00 Val: 0x00000000
[inst #639] sll x0,x0,x0
Register Write to Reg: 0x00 Val: 0x00000000
[inst #640] addi x10,x10,-232
Register Write to Reg: 0x0A Val: 0x10010050
[inst #641] addi x0,x0,0
Register Write to Reg: 0x00 Val: 0x00000000
[inst #642] addi x0,x0,0
Register Write to Reg: 0x00 Val: 0x00000000
[inst #643] addi x0,x0,0
Register Write to Reg: 0x00 Val: 0x00000000
[inst #644] ori x17,x0,4
Register Write to Reg: 0x11 Val: 0x00000004
[inst #645] addi x0,x0,0
Register Write to Reg: 0x00 Val: 0x00000000
[inst #646] addi x0,x0,0
Register Write to Reg: 0x00 Val: 0x00000000
[inst #647] addi x0,x0,0
Register Write to Reg: 0x00 Val: 0x00000000
[inst #648] addi x5,x5,4
Register Write to Reg: 0x05 Val: 0x1001002C
[inst #649] addi x6,x6,-1
Register Write to Reg: 0x06 Val: 0x00000008
[inst #650] addi x0,x0,0
Register Write to Reg: 0x00 Val: 0x00000000
[inst #651] addi x0,x0,0
Register Write to Reg: 0x00 Val: 0x00000000
[inst #652] addi x0,x0,0
Register Write to Reg: 0x00 Val: 0x00000000
[inst #653] bne x6,x0,-100
[inst #654] lw x10,0(x5)
Register Write to Reg: 0x0A Val: 0x00000090
[inst #655] addi x0,x0,0
Register Write to Reg: 0x00 Val: 0x00000000
[inst #656] addi x0,x0,0
Register Write to Reg: 0x00 Val: 0x00000000
[inst #657] addi x0,x0,0
Register Write to Reg: 0x00 Val: 0x00000000
[inst #658] ori x17,x0,1
Register Write to Reg: 0x11 Val: 0x00000001
[inst #659] addi x0,x0,0
Register Write to Reg: 0x00 Val: 0x00000000
[inst #660] addi x0,x0,0
Register Write to Reg: 0x00 Val: 0x00000000
[inst #661] addi x0,x0,0
Register Write to Reg: 0x00 Val: 0x00000000
[inst #662] auipc x10,64528
Register Write to Reg: 0x0A Val: 0x10010138
[inst #663] sll x0,x0,x0
Register Write to Reg: 0x00 Val: 0x00000000
[inst #664] sll x0,x0,x0
Register Write to Reg: 0x00 Val: 0x00000000
[inst #665] sll x0,x0,x0
Register Write to Reg: 0x00 Val: 0x00000000
[inst #666] addi x10,x10,-232
Register Write to Reg: 0x0A Val: 0x10010050
[inst #667] addi x0,x0,0
Register Write to Reg: 0x00 Val: 0x00000000
[inst #668] addi x0,x0,0
Register Write to Reg: 0x00 Val: 0x00000000
[inst #669] addi x0,x0,0
Register Write to Reg: 0x00 Val: 0x00000000
[inst #670] ori x17,x0,4
Register Write to Reg: 0x11 Val: 0x00000004
[inst #671] addi x0,x0,0
Register Write to Reg: 0x00 Val: 0x00000000
[inst #672] addi x0,x0,0
Register Write to Reg: 0x00 Val: 0x00000000
[inst #673] addi x0,x0,0
Register Write to Reg: 0x00 Val: 0x00000000
[inst #674] addi x5,x5,4
Register Write to Reg: 0x05 Val: 0x10010030
[inst #675] addi x6,x6,-1
Register Write to Reg: 0x06 Val: 0x00000007
[inst #676] addi x0,x0,0
Register Write to Reg: 0x00 Val: 0x00000000
[inst #677] addi x0,x0,0
Register Write to Reg: 0x00 Val: 0x00000000
[inst #678] addi x0,x0,0
Register Write to Reg: 0x00 Val: 0x00000000
[inst #679] bne x6,x0,-100
[inst #680] lw x10,0(x5)
Register Write to Reg: 0x0A Val: 0x000000E9
[inst #681] addi x0,x0,0
Register Write to Reg: 0x00 Val: 0x00000000
[inst #682] addi x0,x0,0
Register Write to Reg: 0x00 Val: 0x00000000
[inst #683] addi x0,x0,0
Register Write to Reg: 0x00 Val: 0x00000000
[inst #684] ori x17,x0,1
Register Write to Reg: 0x11 Val: 0x00000001
[inst #685] addi x0,x0,0
Register Write to Reg: 0x00 Val: 0x00000000
[inst #686] addi x0,x0,0
Register Write to Reg: 0x00 Val: 0x00000000
[inst #687] addi x0,x0,0
Register Write to Reg: 0x00 Val: 0x00000000
[inst #688] auipc x10,64528
Register Write to Reg: 0x0A Val: 0x10010138
[inst #689] sll x0,x0,x0
Register Write to Reg: 0x00 Val: 0x00000000
[inst #690] sll x0,x0,x0
Register Write to Reg: 0x00 Val: 0x00000000
[inst #691] sll x0,x0,x0
Register Write to Reg: 0x00 Val: 0x00000000
[inst #692] addi x10,x10,-232
Register Write to Reg: 0x0A Val: 0x10010050
[inst #693] addi x0,x0,0
Register Write to Reg: 0x00 Val: 0x00000000
[inst #694] addi x0,x0,0
Register Write to Reg: 0x00 Val: 0x00000000
[inst #695] addi x0,x0,0
Register Write to Reg: 0x00 Val: 0x00000000
[inst #696] ori x17,x0,4
Register Write to Reg: 0x11 Val: 0x00000004
[inst #697] addi x0,x0,0
Register Write to Reg: 0x00 Val: 0x00000000
[inst #698] addi x0,x0,0
Register Write to Reg: 0x00 Val: 0x00000000
[inst #699] addi x0,x0,0
Register Write to Reg: 0x00 Val: 0x00000000
[inst #700] addi x5,x5,4
Register Write to Reg: 0x05 Val: 0x10010034
[inst #701] addi x6,x6,-1
Register Write to Reg: 0x06 Val: 0x00000006
[inst #702] addi x0,x0,0
Register Write to Reg: 0x00 Val: 0x00000000
[inst #703] addi x0,x0,0
Register Write to Reg: 0x00 Val: 0x00000000
[inst #704] addi x0,x0,0
Register Write to Reg: 0x00 Val: 0x00000000
[inst #705] bne x6,x0,-100
[inst #706] lw x10,0(x5)
Register Write to Reg: 0x0A Val: 0x00000179
[inst #707] addi x0,x0,0
Register Write to Reg: 0x00 Val: 0x00000000
[inst #708] addi x0,x0,0
Register Write to Reg: 0x00 Val: 0x00000000
[inst #709] addi x0,x0,0
Register Write to Reg: 0x00 Val: 0x00000000
[inst #710] ori x17,x0,1
Register Write to Reg: 0x11 Val: 0x00000001
[inst #711] addi x0,x0,0
Register Write to Reg: 0x00 Val: 0x00000000
[inst #712] addi x0,x0,0
Register Write to Reg: 0x00 Val: 0x00000000
[inst #713] addi x0,x0,0
Register Write to Reg: 0x00 Val: 0x00000000
[inst #714] auipc x10,64528
Register Write to Reg: 0x0A Val: 0x10010138
[inst #715] sll x0,x0,x0
Register Write to Reg: 0x00 Val: 0x00000000
[inst #716] sll x0,x0,x0
Register Write to Reg: 0x00 Val: 0x00000000
[inst #717] sll x0,x0,x0
Register Write to Reg: 0x00 Val: 0x00000000
[inst #718] addi x10,x10,-232
Register Write to Reg: 0x0A Val: 0x10010050
[inst #719] addi x0,x0,0
Register Write to Reg: 0x00 Val: 0x00000000
[inst #720] addi x0,x0,0
Register Write to Reg: 0x00 Val: 0x00000000
[inst #721] addi x0,x0,0
Register Write to Reg: 0x00 Val: 0x00000000
[inst #722] ori x17,x0,4
Register Write to Reg: 0x11 Val: 0x00000004
[inst #723] addi x0,x0,0
Register Write to Reg: 0x00 Val: 0x00000000
[inst #724] addi x0,x0,0
Register Write to Reg: 0x00 Val: 0x00000000
[inst #725] addi x0,x0,0
Register Write to Reg: 0x00 Val: 0x00000000
[inst #726] addi x5,x5,4
Register Write to Reg: 0x05 Val: 0x10010038
[inst #727] addi x6,x6,-1
Register Write to Reg: 0x06 Val: 0x00000005
[inst #728] addi x0,x0,0
Register Write to Reg: 0x00 Val: 0x00000000
[inst #729] addi x0,x0,0
Register Write to Reg: 0x00 Val: 0x00000000
[inst #730] addi x0,x0,0
Register Write to Reg: 0x00 Val: 0x00000000
[inst #731] bne x6,x0,-100
[inst #732] lw x10,0(x5)
Register Write to Reg: 0x0A Val: 0x00000262
[inst #733] addi x0,x0,0
Register Write to Reg: 0x00 Val: 0x00000000
[inst #734] addi x0,x0,0
Register Write to Reg: 0x00 Val: 0x00000000
[inst #735] addi x0,x0,0
Register Write to Reg: 0x00 Val: 0x00000000
[inst #736] ori x17,x0,1
Register Write to Reg: 0x11 Val: 0x00000001
[inst #737] addi x0,x0,0
Register Write to Reg: 0x00 Val: 0x00000000
[inst #738] addi x0,x0,0
Register Write to Reg: 0x00 Val: 0x00000000
[inst #739] addi x0,x0,0
Register Write to Reg: 0x00 Val: 0x00000000
[inst #740] auipc x10,64528
Register Write to Reg: 0x0A Val: 0x10010138
[inst #741] sll x0,x0,x0
Register Write to Reg: 0x00 Val: 0x00000000
[inst #742] sll x0,x0,x0
Register Write to Reg: 0x00 Val: 0x00000000
[inst #743] sll x0,x0,x0
Register Write to Reg: 0x00 Val: 0x00000000
[inst #744] addi x10,x10,-232
Register Write to Reg: 0x0A Val: 0x10010050
[inst #745] addi x0,x0,0
Register Write to Reg: 0x00 Val: 0x00000000
[inst #746] addi x0,x0,0
Register Write to Reg: 0x00 Val: 0x00000000
[inst #747] addi x0,x0,0
Register Write to Reg: 0x00 Val: 0x00000000
[inst #748] ori x17,x0,4
Register Write to Reg: 0x11 Val: 0x00000004
[inst #749] addi x0,x0,0
Register Write to Reg: 0x00 Val: 0x00000000
[inst #750] addi x0,x0,0
Register Write to Reg: 0x00 Val: 0x00000000
[inst #751] addi x0,x0,0
Register Write to Reg: 0x00 Val: 0x00000000
[inst #752] addi x5,x5,4
Register Write to Reg: 0x05 Val: 0x1001003C
[inst #753] addi x6,x6,-1
Register Write to Reg: 0x06 Val: 0x00000004
[inst #754] addi x0,x0,0
Register Write to Reg: 0x00 Val: 0x00000000
[inst #755] addi x0,x0,0
Register Write to Reg: 0x00 Val: 0x00000000
[inst #756] addi x0,x0,0
Register Write to Reg: 0x00 Val: 0x00000000
[inst #757] bne x6,x0,-100
[inst #758] lw x10,0(x5)
Register Write to Reg: 0x0A Val: 0x000003DB
[inst #759] addi x0,x0,0
Register Write to Reg: 0x00 Val: 0x00000000
[inst #760] addi x0,x0,0
Register Write to Reg: 0x00 Val: 0x00000000
[inst #761] addi x0,x0,0
Register Write to Reg: 0x00 Val: 0x00000000
[inst #762] ori x17,x0,1
Register Write to Reg: 0x11 Val: 0x00000001
[inst #763] addi x0,x0,0
Register Write to Reg: 0x00 Val: 0x00000000
[inst #764] addi x0,x0,0
Register Write to Reg: 0x00 Val: 0x00000000
[inst #765] addi x0,x0,0
Register Write to Reg: 0x00 Val: 0x00000000
[inst #766] auipc x10,64528
Register Write to Reg: 0x0A Val: 0x10010138
[inst #767] sll x0,x0,x0
Register Write to Reg: 0x00 Val: 0x00000000
[inst #768] sll x0,x0,x0
Register Write to Reg: 0x00 Val: 0x00000000
[inst #769] sll x0,x0,x0
Register Write to Reg: 0x00 Val: 0x00000000
[inst #770] addi x10,x10,-232
Register Write to Reg: 0x0A Val: 0x10010050
[inst #771] addi x0,x0,0
Register Write to Reg: 0x00 Val: 0x00000000
[inst #772] addi x0,x0,0
Register Write to Reg: 0x00 Val: 0x00000000
[inst #773] addi x0,x0,0
Register Write to Reg: 0x00 Val: 0x00000000
[inst #774] ori x17,x0,4
Register Write to Reg: 0x11 Val: 0x00000004
[inst #775] addi x0,x0,0
Register Write to Reg: 0x00 Val: 0x00000000
[inst #776] addi x0,x0,0
Register Write to Reg: 0x00 Val: 0x00000000
[inst #777] addi x0,x0,0
Register Write to Reg: 0x00 Val: 0x00000000
[inst #778] addi x5,x5,4
Register Write to Reg: 0x05 Val: 0x10010040
[inst #779] addi x6,x6,-1
Register Write to Reg: 0x06 Val: 0x00000003
[inst #780] addi x0,x0,0
Register Write to Reg: 0x00 Val: 0x00000000
[inst #781] addi x0,x0,0
Register Write to Reg: 0x00 Val: 0x00000000
[inst #782] addi x0,x0,0
Register Write to Reg: 0x00 Val: 0x00000000
[inst #783] bne x6,x0,-100
[inst #784] lw x10,0(x5)
Register Write to Reg: 0x0A Val: 0x0000063D
[inst #785] addi x0,x0,0
Register Write to Reg: 0x00 Val: 0x00000000
[inst #786] addi x0,x0,0
Register Write to Reg: 0x00 Val: 0x00000000
[inst #787] addi x0,x0,0
Register Write to Reg: 0x00 Val: 0x00000000
[inst #788] ori x17,x0,1
Register Write to Reg: 0x11 Val: 0x00000001
[inst #789] addi x0,x0,0
Register Write to Reg: 0x00 Val: 0x00000000
[inst #790] addi x0,x0,0
Register Write to Reg: 0x00 Val: 0x00000000
[inst #791] addi x0,x0,0
Register Write to Reg: 0x00 Val: 0x00000000
[inst #792] auipc x10,64528
Register Write to Reg: 0x0A Val: 0x10010138
[inst #793] sll x0,x0,x0
Register Write to Reg: 0x00 Val: 0x00000000
[inst #794] sll x0,x0,x0
Register Write to Reg: 0x00 Val: 0x00000000
[inst #795] sll x0,x0,x0
Register Write to Reg: 0x00 Val: 0x00000000
[inst #796] addi x10,x10,-232
Register Write to Reg: 0x0A Val: 0x10010050
[inst #797] addi x0,x0,0
Register Write to Reg: 0x00 Val: 0x00000000
[inst #798] addi x0,x0,0
Register Write to Reg: 0x00 Val: 0x00000000
[inst #799] addi x0,x0,0
Register Write to Reg: 0x00 Val: 0x00000000
[inst #800] ori x17,x0,4
Register Write to Reg: 0x11 Val: 0x00000004
[inst #801] addi x0,x0,0
Register Write to Reg: 0x00 Val: 0x00000000
[inst #802] addi x0,x0,0
Register Write to Reg: 0x00 Val: 0x00000000
[inst #803] addi x0,x0,0
Register Write to Reg: 0x00 Val: 0x00000000
[inst #804] addi x5,x5,4
Register Write to Reg: 0x05 Val: 0x10010044
[inst #805] addi x6,x6,-1
Register Write to Reg: 0x06 Val: 0x00000002
[inst #806] addi x0,x0,0
Register Write to Reg: 0x00 Val: 0x00000000
[inst #807] addi x0,x0,0
Register Write to Reg: 0x00 Val: 0x00000000
[inst #808] addi x0,x0,0
Register Write to Reg: 0x00 Val: 0x00000000
[inst #809] bne x6,x0,-100
[inst #810] lw x10,0(x5)
Register Write to Reg: 0x0A Val: 0x00000A18
[inst #811] addi x0,x0,0
Register Write to Reg: 0x00 Val: 0x00000000
[inst #812] addi x0,x0,0
Register Write to Reg: 0x00 Val: 0x00000000
[inst #813] addi x0,x0,0
Register Write to Reg: 0x00 Val: 0x00000000
[inst #814] ori x17,x0,1
Register Write to Reg: 0x11 Val: 0x00000001
[inst #815] addi x0,x0,0
Register Write to Reg: 0x00 Val: 0x00000000
[inst #816] addi x0,x0,0
Register Write to Reg: 0x00 Val: 0x00000000
[inst #817] addi x0,x0,0
Register Write to Reg: 0x00 Val: 0x00000000
[inst #818] auipc x10,64528
Register Write to Reg: 0x0A Val: 0x10010138
[inst #819] sll x0,x0,x0
Register Write to Reg: 0x00 Val: 0x00000000
[inst #820] sll x0,x0,x0
Register Write to Reg: 0x00 Val: 0x00000000
[inst #821] sll x0,x0,x0
Register Write to Reg: 0x00 Val: 0x00000000
[inst #822] addi x10,x10,-232
Register Write to Reg: 0x0A Val: 0x10010050
[inst #823] addi x0,x0,0
Register Write to Reg: 0x00 Val: 0x00000000
[inst #824] addi x0,x0,0
Register Write to Reg: 0x00 Val: 0x00000000
[inst #825] addi x0,x0,0
Register Write to Reg: 0x00 Val: 0x00000000
[inst #826] ori x17,x0,4
Register Write to Reg: 0x11 Val: 0x00000004
[inst #827] addi x0,x0,0
Register Write to Reg: 0x00 Val: 0x00000000
[inst #828] addi x0,x0,0
Register Write to Reg: 0x00 Val: 0x00000000
[inst #829] addi x0,x0,0
Register Write to Reg: 0x00 Val: 0x00000000
[inst #830] addi x5,x5,4
Register Write to Reg: 0x05 Val: 0x10010048
[inst #831] addi x6,x6,-1
Register Write to Reg: 0x06 Val: 0x00000001
[inst #832] addi x0,x0,0
Register Write to Reg: 0x00 Val: 0x00000000
[inst #833] addi x0,x0,0
Register Write to Reg: 0x00 Val: 0x00000000
[inst #834] addi x0,x0,0
Register Write to Reg: 0x00 Val: 0x00000000
[inst #835] bne x6,x0,-100
[inst #836] lw x10,0(x5)
Register Write to Reg: 0x0A Val: 0x00001055
[inst #837] addi x0,x0,0
Register Write to Reg: 0x00 Val: 0x00000000
[inst #838] addi x0,x0,0
Register Write to Reg: 0x00 Val: 0x00000000
[inst #839] addi x0,x0,0
Register Write to Reg: 0x00 Val: 0x00000000
[inst #840] ori x17,x0,1
Register Write to Reg: 0x11 Val: 0x00000001
[inst #841] addi x0,x0,0
Register Write to Reg: 0x00 Val: 0x00000000
[inst #842] addi x0,x0,0
Register Write to Reg: 0x00 Val: 0x00000000
[inst #843] addi x0,x0,0
Register Write to Reg: 0x00 Val: 0x00000000
[inst #844] auipc x10,64528
Register Write to Reg: 0x0A Val: 0x10010138
[inst #845] sll x0,x0,x0
Register Write to Reg: 0x00 Val: 0x00000000
[inst #846] sll x0,x0,x0
Register Write to Reg: 0x00 Val: 0x00000000
[inst #847] sll x0,x0,x0
Register Write to Reg: 0x00 Val: 0x00000000
[inst #848] addi x10,x10,-232
Register Write to Reg: 0x0A Val: 0x10010050
[inst #849] addi x0,x0,0
Register Write to Reg: 0x00 Val: 0x00000000
[inst #850] addi x0,x0,0
Register Write to Reg: 0x00 Val: 0x00000000
[inst #851] addi x0,x0,0
Register Write to Reg: 0x00 Val: 0x00000000
[inst #852] ori x17,x0,4
Register Write to Reg: 0x11 Val: 0x00000004
[inst #853] addi x0,x0,0
Register Write to Reg: 0x00 Val: 0x00000000
[inst #854] addi x0,x0,0
Register Write to Reg: 0x00 Val: 0x00000000
[inst #855] addi x0,x0,0
Register Write to Reg: 0x00 Val: 0x00000000
[inst #856] addi x5,x5,4
Register Write to Reg: 0x05 Val: 0x1001004C
[inst #857] addi x6,x6,-1
Register Write to Reg: 0x06 Val: 0x00000000
[inst #858] addi x0,x0,0
Register Write to Reg: 0x00 Val: 0x00000000
[inst #859] addi x0,x0,0
Register Write to Reg: 0x00 Val: 0x00000000
[inst #860] addi x0,x0,0
Register Write to Reg: 0x00 Val: 0x00000000
[inst #861] bne x6,x0,-100
[inst #862] addi x0,x0,0
Register Write to Reg: 0x00 Val: 0x00000000
[inst #863] addi x0,x0,0
Register Write to Reg: 0x00 Val: 0x00000000
[inst #864] addi x0,x0,0
Register Write to Reg: 0x00 Val: 0x00000000
[inst #865] jalr x0,x1,0
Register Write to Reg: 0x00 Val: 0x00400190
[inst #866] addi x0,x0,0
Register Write to Reg: 0x00 Val: 0x00000000
[inst #867] addi x0,x0,0
Register Write to Reg: 0x00 Val: 0x00000000
[inst #868] addi x0,x0,0
Register Write to Reg: 0x00 Val: 0x00000000
[inst #869] jal x0,200
Register Write to Reg: 0x00 Val: 0x004000D8
[inst #870] wfi 

Program terminated by dropping off the bottom.
